// Jest Snapshot v1, https://goo.gl/fbAQLP

exports[`Contest component matches the snapshot 1`] = `
Array [
  <nav
    className="navbar-bg navbar navbar-expand navbar-dark"
  >
    <a
      className="navbar-brand"
      href="/home"
    >
      <img
        src="https://cdn.pixabay.com/photo/2018/08/31/11/17/quiz-3644414_960_720.png"
        style={
          Object {
            "width": "60px",
          }
        }
      />
    </a>
    <button
      aria-controls="responsive-navbar-nav"
      aria-label="Toggle navigation"
      className="navbar-toggler collapsed"
      onClick={[Function]}
      type="button"
    >
      <span
        className="navbar-toggler-icon"
      />
    </button>
    <div
      aria-expanded={null}
      className="navbar-collapse collapse"
      id="responsive-navbar-nav"
    >
      <div
        className="mr-auto navbar-nav"
        onKeyDown={[Function]}
      />
      <div
        className="navbar-nav"
        onKeyDown={[Function]}
      >
        <span
          className="navbar-text"
        >
          Signed in as: 
          <strong
            style={
              Object {
                "color": "white",
              }
            }
          />
        </span>
        <div
          className="nav-item dropdown"
        >
          <a
            aria-expanded={false}
            aria-haspopup={true}
            className="dropdown-toggle nav-link"
            data-rb-event-key={null}
            href="#"
            id="basic-nav-dropdown"
            onClick={[Function]}
            onKeyDown={[Function]}
            role="button"
          />
        </div>
      </div>
    </div>
  </nav>,
  <div
    style={
      Object {
        "display": "flex",
        "flexDirection": "column",
        "margin": "50px 75px",
      }
    }
  >
    <button
      className="btn btn-primary btn-block btn-lg"
      disabled={false}
      onClick={[Function]}
      type="button"
    >
      CREATE CONTEST
    </button>
    <h4
      id="title"
    >
      Present Contests
    </h4>
    <table
      id="employee"
    >
      <thead>
        <tr>
          <th>
            ID
          </th>
          <th>
            COURSE CODE
          </th>
          <th>
            NAME
          </th>
          <th>
            START TIME
          </th>
          <th>
            END TIME
          </th>
          <th>
            ACTION
          </th>
        </tr>
      </thead>
      <tbody />
    </table>
    <h4
      id="title"
    >
      Future Contests
    </h4>
    <table
      id="employee"
    >
      <thead>
        <tr>
          <th>
            ID
          </th>
          <th>
            COURSE CODE
          </th>
          <th>
            NAME
          </th>
          <th>
            START TIME
          </th>
          <th>
            END TIME
          </th>
          <th>
            ACTION
          </th>
        </tr>
      </thead>
      <tbody />
    </table>
    <h4
      id="title"
    >
      Past Contests
    </h4>
    <table
      id="employee"
    >
      <thead>
        <tr>
          <th>
            ID
          </th>
          <th>
            COURSE CODE
          </th>
          <th>
            NAME
          </th>
          <th>
            START TIME
          </th>
          <th>
            END TIME
          </th>
          <th>
            ACTION
          </th>
        </tr>
      </thead>
      <tbody />
    </table>
  </div>,
]
`;
