// Jest Snapshot v1, https://goo.gl/fbAQLP

exports[`Blog component matches the snapshot 1`] = `
<div
  className="blogs-container"
>
  <div
    className="blog-title"
  >
    Latest Updates
  </div>
  <div
    className="separator"
  >
    <span
      style={
        Object {
          "opacity": "0.34",
        }
      }
    >
      0
       item
    </span>
  </div>
  <div
    className="MuiPaper-root MuiTableContainer-root MuiPaper-elevation1 MuiPaper-rounded"
  >
    <table
      aria-label="collapsible table"
      className="MuiTable-root"
      role={null}
    >
      <thead
        className="MuiTableHead-root"
        role={null}
      >
        <tr
          className="MuiTableRow-root MuiTableRow-head"
          role={null}
        >
          <th
            aria-sort={null}
            className="MuiTableCell-root MuiTableCell-head"
            scope="col"
          />
          <th
            aria-sort={null}
            className="MuiTableCell-root MuiTableCell-head"
            scope="col"
          >
            Contest
          </th>
          <th
            aria-sort={null}
            className="MuiTableCell-root MuiTableCell-head MuiTableCell-alignRight"
            scope="col"
          >
            In
          </th>
        </tr>
      </thead>
      <tbody
        className="MuiTableBody-root"
        role={null}
      />
    </table>
  </div>
</div>
`;
